b.chen
b.li123456
b.liu123456
b.wang
b.yang
b.zhang
bin.chen
bin.li
bin.liu
bin.wang
bin.yang
bin.zhang
bing.li
bing.liu
bing.wang
bo.chen
bo.li123456
bo.liu
bo.wang
bo.yang
bo.zhang
c.chen
c.li123456
c.liu123456
c.ma123456
c.wang
c.yang
c.zhang
cb123456
cc123456
cf123456
cg123456
cgl123456
cgy123456
ch123456
chang.liu
chao.chen
chao.li
chao.liu
chao.ma
chao.wang
chao.yang
chao.zhang
chen.bin
chen.bo
chen.chao
chen.chen
chen.fang
chen.fei
chen.gang
chen.guilan
chen.guiying
chen.hao
chen.hong
chen.hua
chen.hui
chen.jianhua
chen.jie
chen.jing
chen.juan
chen.jun
chen.lei
chen.li
chen.liang
chen.lin
chen.ling
chen.long
chen.mei
chen.min
chen.ming
chen.peng
chen.ping
chen.qiang
chen.tao
chen.wei
chen.xia
chen.xin
chen.xiulan
chen.xiuying
chen.xiuzhen
chen.yan
chen.ying
chen.yong
chen.yulan
chen.yun
chen.yuying
chenb123456
chenbin
chenbo
chenc123456
chenchao
chenchen
chenf123456
chenfang
chenfei
cheng.wang
cheng123456
chengang
chengl
chenguilan
chenguiying
chengy
chenh123456
chenhao
chenhong
chenhua
chenhui
chenj123456
chenjh
chenjianhua
chenjie
chenjing
chenjuan
chenjun
chenl123456
chenlei
chenli
chenliang
chenlin
chenling
chenlong
chenm123456
chenmei
chenmin
chenming
chenp123456
chenpeng
chenping
chenq123456
chenqiang
chent123456
chentao
chenw123456
chenwei
chenx123456
chenxia
chenxin
chenxiulan
chenxiuying
chenxiuzhen
chenxl
chenxy
chenxz
cheny123456
chenyan
chenying
chenyl
chenyong
chenyulan
chenyun
chenyuying
chenyy
chunmei.li
chunmei.wang
chunmei.zhang
cj123456
cjh123456
cl123456
cm.li123456
cm.wang
cm.zhang
cm123456
cp123456
cq123456
ct123456
cw123456
cx123456
cxl123456
cxy123456
cxz123456
cy123456
cyl123456
cyy123456
d.li123456
d.liu123456
d.wang
d.zhang
dan.li
dan.liu
dan.wang
dan.zhang
dandan.li
dandan.wang
dd.li123456
dd.wang
dm.li123456
dm.wang
dong.wang
dongmei.li
dongmei.wang
f.chen
f.gao123456
f.li123456
f.liu123456
f.wang
f.yang
f.zhang
fan.yang
fan.zhang
fang.chen
fang.li
fang.liu
fang.wang
fang.yang
fang.zhang
fei.chen
fei.li
fei.liu
fei.wang
fei.zhang
feng.gao
feng.li
feng.liu
feng.wang
feng.zhang
fenglan.wang
fengying.li
fengying.liu
fengying.wang
fengying.zhang
fl.wang
fy.li123456
fy.liu
fy.wang
fy.zhang
g.chen
g.li123456
g.liu123456
g.wang
gang.chen
gang.li
gang.liu
gang.wang
gao.feng
gaof123456
gaofeng
gf.li123456
gf.wang
gf.zhang
gf123456
gh.li123456
gh.wang
gl.chen
gl.li123456
gl.liu
gl.wang
gl.zhang
gr.li123456
gr.wang
gr.zhang
guifang.li
guifang.wang
guifang.zhang
guihua.li
guihua.wang
guilan.chen
guilan.li
guilan.liu
guilan.wang
guilan.zhang
guirong.li
guirong.wang
guirong.zhang
guixiang.li
guixiang.wang
guiying.chen
guiying.li
guiying.liu
guiying.wang
guiying.yang
guiying.zhang
guizhen.li
guizhen.liu
guizhen.wang
guizhen.zhang
guizhi.li
guizhi.wang
guizhi.zhang
gx.li123456
gx.wang
gy.chen
gy.li123456
gy.liu
gy.wang
gy.yang
gy.zhang
gz.li123456
gz.liu
gz.wang
gz.zhang
h.chen
h.li123456
h.liu123456
h.wang
h.yang
h.zhang
haiyan.li
haiyan.wang
haiyan.zhang
hao.chen
hao.li
hao.liu
hao.wang
hao.zhang
hm.li123456
hm.wang
hm.zhang
hm123456
hong.chen
hong.li
hong.liu
hong.wang
hong.yang
hong.zhang
hongmei.li
hongmei.wang
hongmei.zhang
hongxia.li
hua.chen
hua.li
hua.liu
hua.wang
hua.yang
hua.zhang
huan.liu
huan.wang
huang.min
huang.wei
huang.xiuying
huang.yong
huangm
huangmin
huangw
huangwei
huangxiuying
huangxy
huangy
huangyong
hui.chen
hui.li
hui.liu
hui.wang
hui.zhang
hw123456
hx.li123456
hxy123456
hy.li123456
hy.wang
hy.zhang
hy123456
j.chen
j.li123456
j.liu123456
j.wang
j.xu123456
j.yang
j.zhang
j.zhao
j.zhou
jf.wang
jg.li123456
jg.liu
jg.wang
jg.zhang
jh.chen
jh.li123456
jh.liu
jh.wang
jh.zhang
jia.li
jia.liu
jian.li
jian.wang
jian.zhang
jianguo.li
jianguo.liu
jianguo.wang
jianguo.zhang
jianhua.chen
jianhua.li
jianhua.liu
jianhua.wang
jianhua.zhang
jianjun.li
jianjun.liu
jianjun.wang
jianjun.zhang
jianping.wang
jie.chen
jie.li
jie.liu
jie.wang
jie.yang
jie.zhang
jie.zhou
jinfeng.wang
jing.chen
jing.li
jing.liu
jing.wang
jing.xu
jing.yang
jing.zhang
jing.zhao
jing.zhou
jj.li123456
jj.liu
jj.wang
jj.zhang
jp.wang
juan.chen
juan.li
juan.liu
juan.wang
juan.yang
juan.zhang
jun.chen
jun.li
jun.liu
jun.wang
jun.yang
jun.zhang
jun.zhao
k.li123456
k.liu123456
k.wang
k.zhang
kai.li
kai.liu
kai.wang
kai.zhang
kun.wang
kun.zhang
l.chen
l.li123456
l.liu123456
l.ma123456
l.wang
l.yang
l.zhang
l.zhao
l.zhou
lanying.li
lanying.wang
lanying.zhang
lb123456
lc123456
lcm123456
ld123456
ldd123456
ldm123456
lei.chen
lei.li
lei.liu
lei.wang
lei.yang
lei.zhang
lf123456
lfy123456
lg123456
lgf123456
lgh123456
lgl123456
lgr123456
lgx123456
lgy123456
lgz123456
lh.wang
lh.zhang
lh123456
lhm123456
lhx123456
lhy123456
li.bin
li.bing
li.bo123456
li.chao
li.chen
li.chunmei
li.dan
li.dandan
li.dongmei
li.fang
li.fei
li.feng
li.fengying
li.gang
li.guifang
li.guihua
li.guilan
li.guirong
li.guixiang
li.guiying
li.guizhen
li.guizhi
li.haiyan
li.hao
li.hong
li.hongmei
li.hongxia
li.hua
li.hui
li.jia
li.jian
li.jianguo
li.jianhua
li.jianjun
li.jie
li.jing
li.juan
li.jun
li.kai
li.lanying
li.lei
li.li123456
li.liang
li.lin
li.ling
li.liu
li.long
li.ma123456
li.mei
li.min
li.ming
li.na"12345"
li.ning
li.peng
li.ping
li.qian
li.qiang
li.qin
li.rong
li.shuai
li.shuhua
li.shulan
li.shuying
li.shuzhen
li.tao
li.ting
li.tingting
li.wang
li.wei
li.wen
li.xia
li.xiang
li.xiaohong
li.xin
li.xiufang
li.xiuhua
li.xiulan
li.xiumei
li.xiurong
li.xiuying
li.xiuyun
li.xiuzhen
li.xue
li.xuemei
li.yan
li.yang
li.ying
li.yong
li.yuhua
li.yulan
li.yumei
li.yun
li.yuying
li.yuzhen
li.zhang
li.zhao
li.zhiqiang
li.zhou
liang.chen
liang.li
liang.wang
liang.zhang
lib123456
libin123456
libing
libo123456
lic123456
lichao
lichunmei
licm123456
lid123456
lidan123456
lidandan
lidd123456
lidm123456
lidongmei
lif123456
lifang
lifei123456
lifeng
lifengying
lify123456
lig123456
ligang
ligf123456
ligh123456
ligl123456
ligr123456
liguifang
liguihua
liguilan
liguirong
liguixiang
liguiying
liguizhen
liguizhi
ligx123456
ligy123456
ligz123456
lih123456
lihaiyan
lihao123456
lihm123456
lihong
lihongmei
lihongxia
lihua.wang
lihua.zhang
lihua123456
lihui123456
lihx123456
lihy123456
lij12345
lij123456
lijg123456
lijh123456
lijia123456
lijian
lijianguo
lijianhua
lijianjun
lijie123456
lijing
lijj123456
lijuan
lijuan.wang
lijuan.zhang
lijun123456
lik123456
likai123456
lil123456
lilanying
lilei123456
lili.wang
lili.zhang
lili123456
liliang
lilin123456
liling
lilong
lily123456
lim123456
limei123456
limin123456
liming
lin.chen
lin.li
lin.wang
lin.yang
lin.zhang
lin/12345
lin123456
ling.chen
ling.li
ling.liu
ling.wang
ling.yang
ling.zhang
lining
lip123456
lipeng
liping
liq123456
liqian
liqiang
liqin123456
lir123456
lirong
lis123456
lish123456
lishuai
lishuhua
lishulan
lishuying
lishuzhen
lisl123456
lisy123456
lisz123456
lit123456
litao123456
liting
litingting
litt123456
liu.bin
liu.bing
liu.bo
liu.chang
liu.chao
liu.dan
liu.fang
liu.fei
liu.feng
liu.fengying
liu.gang
liu.guilan
liu.guiying
liu.guizhen
liu.hao
liu.hong
liu.hua
liu.huan
liu.hui
liu.jia
liu.jianguo
liu.jianhua
liu.jianjun
liu.jie
liu.jing
liu.juan
liu.jun
liu.kai
liu.lei
liu.li
liu.ling
liu.mei
liu.min
liu.ming
liu.na
liu.peng
liu.ping
liu.qian
liu.qiang
liu.qin
liu.shuai
liu.tao
liu.ting
liu.tingting
liu.wei
liu.xia
liu.xin
liu.xiulan
liu.xiuying
liu.yan
liu.yang
liu.ying
liu.yong
liu.yu
liu.yuhua
liu.yulan
liu.yumei
liu.yun
liu.yuying
liu.yuzhen
liub123456
liubin
liubing
liubo123456
liuc123456
liuchang
liuchao
liud123456
liudan
liuf123456
liufang
liufei
liufeng
liufengying
liufy123456
liug123456
liugang
liugl123456
liuguilan
liuguiying
liuguizhen
liugy123456
liugz123456
liuh123456
liuhao
liuhong
liuhua
liuhuan
liuhui
liuj123456
liujg123456
liujh123456
liujia
liujianguo
liujianhua
liujianjun
liujie
liujing
liujj123456
liujuan
liujun
liuk123456
liukai
liul123456
liulei
liuli123456
liuling
lium123456
liumei
liumin
liuming
liun123456
liuna123456
liup123456
liupeng
liuping
liuq123456
liuqian
liuqiang
liuqin
lius123456
liushuai
liut123456
liutao
liuting
liutingting
liutt123456
liuw123456
liuwei
liux123456
liuxia
liuxin
liuxiulan
liuxiuying
liuxl123456
liuxy123456
liuy123456
liuyan
liuyang
liuyh123456
liuying
liuyl123456
liuym123456
liuyong
liuyu123456
liuyuhua
liuyulan
liuyumei
liuyun
liuyuying
liuyuzhen
liuyy123456
liuyz123456
liw+liw2345
liw123456
liwei+12345
liwen123456
lix123456
lixf123456
lixh123456
lixia123456
lixiang
lixiaohong
lixin123456
lixiufang
lixiuhua
lixiulan
lixiumei
lixiurong
lixiuying
lixiuyun
lixiuzhen
lixl123456
lixm123456
lixr123456
lixue123456
lixuemei
lixy123456
lixz123456
liy123456
liyan123456
liyang
liyh123456
liying
liyl123456
liym123456
liyong
liyuhua
liyulan
liyumei
liyun123456
liyuying
liyuzhen
liyy123456
liyz123456
lizhiqiang
lizq123456
lj.wang
lj.zhang
lj12345
lj123456
ljg123456
ljh123456
ljj123456
lk123456
ll.wang
ll.zhang
ll123456
lly123456
lm123456
ln123456
ln|12345
long.chen
long.li
long.wang
long.zhang
lp123456
lq123456
lr123456
ls123456
lsh123456
lsl123456
lsy123456
lsz123456
lt123456
ltt123456
lu.wang
lw+lw2345
lw123456
lx123456
lxf123456
lxh123456
lxl123456
lxm123456
lxr123456
lxy123456
lxz123456
ly.li123456
ly.wang
ly.zhang
ly123456
lyh123456
lyl123456
lym123456
lyy123456
lyz123456
lzq123456
m.chen
m.huang
m.li123456
m.liu123456
m.wang
m.xu123456
m.yang
m.zhang
m.zhao
m.zhou
ma.chao
ma.li123456
ma.xiuying
mac123456
machao
mal123456
mali123456
maxiuying
maxy123456
mc123456
mei.chen
mei.li
mei.liu
mei.wang
mei.yang
mei.zhang
min.chen
min.huang
min.li
min.liu
min.wang
min.xu
min.yang
min.zhang
min.zhao
min.zhou
ming.chen
ming.li
ming.liu
ming.wang
ming.yang
ming.zhang
ml123456
mxy123456
n.li 12345
n.li123456
n.liu123456
n.wang
n.zhang
na.li\12345
na.liu
na.wang
na.zhang
nan.zhang
ning.li
ning.wang
ning.zhang
p.chen
p.li123456
p.liu123456
p.wang
p.yang
p.zhang
peng.chen
peng.li
peng.liu
peng.wang
peng.zhang
ping.chen
ping.li
ping.liu
ping.wang
ping.yang
ping.zhang
q.chen
q.li123456
q.liu123456
q.wang
q.zhang
qian.li
qian.liu
qian.wang
qian.zhang
qiang.chen
qiang.li
qiang.liu
qiang.wang
qiang.zhang
qin.li
qin.liu
qin.wang
qin.zhang
r.li123456
r.wang
r.zhang
rong.li
rong.wang
rong.zhang
rui.wang
rui.zhang
s.li123456
s.liu123456
s.wang
s.zhang
sh.li123456
sh.wang
shuai.li
shuai.liu
shuai.wang
shuai.zhang
shuhua.li
shuhua.wang
shulan.li
shulan.wang
shulan.zhang
shuying.li
shuying.wang
shuying.zhang
shuzhen.li
shuzhen.wang
shuzhen.zhang
sl.li123456
sl.wang
sl.zhang
sun.wei
sun.xiuying
sunw123456
sunwei
sunxiuying
sunxy123456
sw123456
sxy123456
sy.li123456
sy.wang
sy.zhang
sz.li123456
sz.wang
sz.zhang
t.chen
t.li123456
t.liu123456
t.wang
t.yang
t.zhang
tao.chen
tao.li
tao.liu
tao.wang
tao.yang
tao.zhang
ting.li
ting.liu
ting.wang
ting.zhang
tingting.li
tingting.liu
tingting.wang
tingting.zhang
tt.li123456
tt.liu
tt.wang
tt.zhang
w.chen
w.huang
w.li123456
w.liu123456
w.liw.li2345\
w.sun123456
w.wang
w.xu123456
w.yang
w.zhang
w.zhao
w.zhou
wang.bin
wang.bing
wang.bo
wang.chao
wang.cheng
wang.chunmei
wang.dan
wang.dandan
wang.dong
wang.dongmei
wang.fang
wang.fei
wang.feng
wang.fenglan
wang.fengying
wang.gang
wang.guifang
wang.guihua
wang.guilan
wang.guirong
wang.guixiang
wang.guiying
wang.guizhen
wang.guizhi
wang.haiyan
wang.hao
wang.hong
wang.hongmei
wang.hua
wang.huan
wang.hui
wang.jian
wang.jianguo
wang.jianhua
wang.jianjun
wang.jianping
wang.jie
wang.jinfeng
wang.jing
wang.juan
wang.jun
wang.kai
wang.kun
wang.lanying
wang.lei
wang.li
wang.liang
wang.lihua
wang.lijuan
wang.lili
wang.lin
wang.ling
wang.long
wang.lu
wang.mei
wang.min
wang.ming
wang.na
wang.ning
wang.peng
wang.ping
wang.qian
wang.qiang
wang.qin
wang.rong
wang.rui
wang.shuai
wang.shuhua
wang.shulan
wang.shuying
wang.shuzhen
wang.tao
wang.ting
wang.tingting
wang.wei
wang.xia
wang.xin
wang.xiufang
wang.xiuhua
wang.xiulan
wang.xiumei
wang.xiurong
wang.xiuying
wang.xiuyun
wang.xiuzhen
wang.xu
wang.xue
wang.yan
wang.yang
wang.ying
wang.yong
wang.yu
wang.yuhua
wang.yulan
wang.yumei
wang.yun
wang.yuying
wang.yuzhen
wang.zhiqiang
wangb123456
wangbin
wangbing
wangbo
wangc123456
wangchao
wangcheng
wangchunmei
wangcm
wangd123456
wangdan
wangdandan
wangdd
wangdm
wangdong
wangdongmei
wangf+12345
wangf123456
wangfang
wangfei
wangfeng
wangfenglan
wangfengying
wangfl
wangfy
wangg123456
wanggang
wanggf
wanggh
wanggl
wanggr
wangguifang
wangguihua
wangguilan
wangguirong
wangguixiang
wangguiying
wangguizhen
wangguizhi
wanggx
wanggy
wanggz
wangh123456
wanghaiyan
wanghao
wanghm
wanghong
wanghongmei
wanghua
wanghuan
wanghui
wanghy
wangj123456
wangjf
wangjg
wangjh
wangjian
wangjianguo
wangjianhua
wangjianjun
wangjianping
wangjie
wangjinfeng
wangjing
wangjj
wangjp
wangjuan
wangjun
wangk123456
wangkai
wangkun
wangl123456
wanglanying
wanglei
wanglh
wangli
wangliang
wanglihua
wanglijuan
wanglili
wanglin
wangling
wanglj
wangll
wanglong
wanglu
wangly
wangm123456
wangmei
wangmin
wangming
wangn123456
wangna
wangning
wangp123456
wangpeng
wangping
wangq123456
wangqian
wangqiang
wangqin
wangr123456
wangrong
wangrui
wangs123456
wangsh
wangshuai
wangshuhua
wangshulan
wangshuying
wangshuzhen
wangsl
wangsy
wangsz
wangt123456
wangtao
wangting
wangtingting
wangtt
wangwei
wangx123456
wangxf
wangxh
wangxia
wangxin
wangxiufang
wangxiuhua
wangxiulan
wangxiumei
wangxiurong
wangxiuying
wangxiuyun
wangxiuzhen
wangxl
wangxm
wangxr
wangxu
wangxue
wangxy
wangxz
wangy123456
wangyan
wangyang
wangyh
wangying
wangyl
wangym
wangyong
wangyu
wangyuhua
wangyulan
wangyumei
wangyun
wangyuying
wangyuzhen
wangyy
wangyz
wangzhiqiang
wangzq
wb123456
wc123456
wcm123456
wd123456
wdd123456
wdm123456
wei.chen
wei.huang
wei.li
wei.liu
wei.sun
wei.wang
wei.xu
wei.yang
wei.zhang
wei.zhao
wei.zhou
wen.li
wen.zhang
wf,12345
wf123456
wfl123456
wfy123456
wg123456
wgf123456
wgh123456
wgl123456
wgr123456
wgx123456
wgy123456
wgz123456
wh123456
whm123456
why123456
wj123456
wjf123456
wjg123456
wjh123456
wjj123456
wjp123456
wk123456
wl123456
wlh123456
wlj123456
wll123456
wly123456
wm123456
wn123456
wp123456
wq123456
wr123456
ws123456
wsh123456
wsl123456
wsy123456
wsz123456
wt123456
wtt123456
wu.xiuying
wuxiuying
wuxy123456
ww123456
wx123456
wxf123456
wxh123456
wxl123456
wxm123456
wxr123456
wxy123456
wxz123456
wy123456
wyh123456
wyl123456
wym123456
wyy123456
wyz123456
wzq123456
x.chen
x.li123456
x.liu123456
x.wang
x.yang
x.zhang
xf.li123456
xf.wang
xf.zhang
xh.li123456
xh.wang
xh.zhang
xia.chen
xia.li
xia.liu
xia.wang
xia.zhang
xiang.li
xiaohong.li
xin.chen
xin.li
xin.liu
xin.wang
xin.zhang
xiufang.li
xiufang.wang
xiufang.zhang
xiuhua.li
xiuhua.wang
xiuhua.zhang
xiulan.chen
xiulan.li
xiulan.liu
xiulan.wang
xiulan.yang
xiulan.zhang
xiumei.li
xiumei.wang
xiumei.zhang
xiurong.li
xiurong.wang
xiurong.zhang
xiuying.chen
xiuying.huang
xiuying.liu
xiuying.ma
xiuying.sun
xiuying.wu
xiuying.yang
xiuying.zhao
xiuyingli
xiuyingwang
xiuyingzhang
xiuyun.li
xiuyun.wang
xiuyun.zhang
xiuzhen.chen
xiuzhen.li
xiuzhen.wang
xiuzhen.yang
xiuzhen.zhang
xj123456
xl.chen
xl.li123456
xl.liu
xl.wang
xl.yang
xl.zhang
xm.li123456
xm.wang
xm.zhang
xm123456
xr.li123456
xr.wang
xr.zhang
xu.jing
xu.min
xu.wang
xu.wei
xu.zhang
xue.li
xue.wang
xue.yang
xue.zhang
xuemei.li
xuj123456
xujing
xum123456
xumin123456
xuw123456
xuwei123456
xw123456
xy.chen
xy.huang
xy.li123456
xy.liu
xy.ma123456
xy.sun
xy.wang
xy.wu123456
xy.yang
xy.zhang
xy.zhao
xyli123456
xywang
xyzhang
xz.chen
xz.li123456
xz.wang
xz.yang
xz.zhang
y.chen
y.huang
y.li123456
y.liu123456
y.wang
y.yang
y.zhang
y.zhao
y.zhou
yan.chen
yan.li
yan.liu
yan.wang
yan.yang
yan.zhang
yang.bin
yang.bo
yang.chao
yang.fan
yang.fang
yang.guiying
yang.hong
yang.hua
yang.jie
yang.jing
yang.juan
yang.jun
yang.lei
yang.li
yang.lin
yang.ling
yang.liu
yang.mei
yang.min
yang.ming
yang.ping
yang.tao
yang.wang
yang.wei
yang.xiulan
yang.xiuying
yang.xiuzhen
yang.xue
yang.yan
yang.yang
yang.yong
yangb123456
yangbin
yangbo
yangc123456
yangchao
yangf123456
yangfan
yangfang
yangguiying
yanggy
yangh123456
yanghong
yanghua
yangj123456
yangjie
yangjing
yangjuan
yangjun
yangl123456
yanglei
yangli
yanglin
yangling
yangliu
yangm123456
yangmei
yangmin
yangming
yangp123456
yangping
yangt123456
yangtao
yangw123456
yangwei
yangx123456
yangxiulan
yangxiuying
yangxiuzhen
yangxl
yangxue
yangxy
yangxz
yangy123456
yangyan
yangyang
yangyong
yb123456
yc123456
yf123456
ygy123456
yh.li123456
yh.liu
yh.wang
yh.zhang
yh123456
ying.chen
ying.li
ying.liu
ying.wang
ying.zhang
yj123456
yl.chen
yl.li123456
yl.liu
yl.wang
yl.zhang
yl123456
ym.li123456
ym.liu
ym.wang
ym.zhang
ym123456
yong.chen
yong.huang
yong.li
yong.liu
yong.wang
yong.yang
yong.zhang
yong.zhao
yong.zhou
yp123456
yt123456
yu.liu
yu.wang
yu.zhang
yuhua.li
yuhua.liu
yuhua.wang
yuhua.zhang
yulan.chen
yulan.li
yulan.liu
yulan.wang
yulan.zhang
yumei.li
yumei.liu
yumei.wang
yumei.zhang
yun.chen
yun.li
yun.liu
yun.wang
yun.zhang
yuying.chen
yuying.li
yuying.liu
yuying.wang
yuying.zhang
yuzhen.li
yuzhen.liu
yuzhen.wang
yuzhen.zhang
yw123456
yx123456
yxl123456
yxy123456
yxz123456
yy.chen
yy.li123456
yy.liu
yy.wang
yy.zhang
yy123456
yz.li123456
yz.liu
yz.wang
yz.zhang
zb123456
zc123456
zcm123456
zd123456
zf123456
zfy123456
zgf123456
zgl123456
zgr123456
zgy123456
zgz123456
zh123456
zhang.bin
zhang.bo
zhang.chao
zhang.chunmei
zhang.dan
zhang.fan
zhang.fang
zhang.fei
zhang.feng
zhang.fengying
zhang.guifang
zhang.guilan
zhang.guirong
zhang.guiying
zhang.guizhen
zhang.guizhi
zhang.haiyan
zhang.hao
zhang.hong
zhang.hongmei
zhang.hua
zhang.hui
zhang.jian
zhang.jianguo
zhang.jianhua
zhang.jianjun
zhang.jie
zhang.jing
zhang.juan
zhang.jun
zhang.kai
zhang.kun
zhang.lanying
zhang.lei
zhang.li
zhang.liang
zhang.lihua
zhang.lijuan
zhang.lili
zhang.lin
zhang.ling
zhang.long
zhang.mei
zhang.min
zhang.ming
zhang.na
zhang.nan
zhang.ning
zhang.peng
zhang.ping
zhang.qian
zhang.qiang
zhang.qin
zhang.rong
zhang.rui
zhang.shuai
zhang.shulan
zhang.shuying
zhang.shuzhen
zhang.tao
zhang.ting
zhang.tingting
zhang.wei
zhang.wen
zhang.xia
zhang.xin
zhang.xiufang
zhang.xiuhua
zhang.xiulan
zhang.xiumei
zhang.xiurong
zhang.xiuying
zhang.xiuyun
zhang.xiuzhen
zhang.xu
zhang.xue
zhang.yan
zhang.ying
zhang.yong
zhang.yu
zhang.yuhua
zhang.yulan
zhang.yumei
zhang.yun
zhang.yuying
zhang.yuzhen
zhang.zhiqiang
zhangb
zhangbin
zhangbo
zhangc
zhangchao
zhangchunmei
zhangcm
zhangd
zhangdan
zhangf
zhangfan
zhangfang
zhangfei
zhangfeng
zhangfengying
zhangfy
zhanggf
zhanggl
zhanggr
zhangguifang
zhangguilan
zhangguirong
zhangguiying
zhangguizhen
zhangguizhi
zhanggy
zhanggz
zhangh
zhanghaiyan
zhanghao
zhanghm
zhanghong
zhanghongmei
zhanghua
zhanghui
zhanghy
zhangj
zhangjg
zhangjh
zhangjian
zhangjianguo
zhangjianhua
zhangjianjun
zhangjie
zhangjing
zhangjj
zhangjuan
zhangjun
zhangk
zhangkai
zhangkun
zhangl
zhanglanying
zhanglei
zhanglh
zhangli
zhangliang
zhanglihua
zhanglijuan
zhanglili
zhanglin
zhangling
zhanglj
zhangll
zhanglong
zhangly
zhangm
zhangmei
zhangmin
zhangming
zhangn
zhangna
zhangnan
zhangning
zhangp
zhangpeng
zhangping
zhangq
zhangqian
zhangqiang
zhangqin
zhangr
zhangrong
zhangrui
zhangs
zhangshuai
zhangshulan
zhangshuying
zhangshuzhen
zhangsl
zhangsy
zhangsz
zhangt
zhangtao
zhangting
zhangtingting
zhangtt
zhangw
zhangwei
zhangwen
zhangx
zhangxf
zhangxh
zhangxia
zhangxin
zhangxiufang
zhangxiuhua
zhangxiulan
zhangxiumei
zhangxiurong
zhangxiuying
zhangxiuyun
zhangxiuzhen
zhangxl
zhangxm
zhangxr
zhangxu
zhangxue
zhangxy
zhangxz
zhangy
zhangyan
zhangyh
zhangying
zhangyl
zhangym
zhangyong
zhangyu
zhangyuhua
zhangyulan
zhangyumei
zhangyun
zhangyuying
zhangyuzhen
zhangyy
zhangyz
zhangzhiqiang
zhangzq
zhao.jing
zhao.jun
zhao.li
zhao.min
zhao.wei
zhao.xiuying
zhao.yong
zhaoj123456
zhaojing
zhaojun
zhaol123456
zhaoli
zhaom123456
zhaomin
zhaow123456
zhaowei
zhaoxiuying
zhaoxy
zhaoy123456
zhaoyong
zhiqiang.li
zhiqiang.wang
zhiqiang.zhang
zhm123456
zhou.jie
zhou.jing
zhou.li
zhou.min
zhou.wei
zhou.yong
zhouj123456
zhoujie
zhoujing
zhoul123456
zhouli
zhoum123456
zhoumin
zhouw123456
zhouwei
zhouy123456
zhouyong
zhy123456
zj123456
zjg123456
zjh123456
zjj123456
zk123456
zl123456
zlh123456
zlj123456
zll123456
zly123456
zm/12345
zm123456
zn123456
zp123456
zq.li123456
zq.wang
zq.zhang
zq123456
zr123456
zs123456
zsl123456
zsy123456
zsz123456
zt123456
ztt123456
zw123456
zwzw2345
zx123456
zxf123456
zxh123456
zxl123456
zxm123456
zxr123456
zxy123456
zxz123456
zy123456
zyh123456
zyl123456
zym123456
zyy123456
zyz123456
zzq123456
