zhangwei
zwzw2345
zhang.wei
wei.zhang
zhangw
w.zhang
wangwei
ww123456
wang.wei
wei.wang
w.wang
wangfang
wf,12345
wang.fang
fang.wang
wangf+12345
f.wang
liwei+12345
lw+lw2345
li.wei
wei.li
liw+liw2345
w.liw.li2345\
ln|12345
li.na"12345"
na.li\12345
lin/12345
n.li 12345
zhangmin
zm/12345
zhang.min
min.zhang
zhangm
m.zhang
lijing
lj12345
li.jing
jing.li
lij12345
j.li123456
wangjing
wj123456
wang.jing
jing.wang
wangj123456
j.wang
liuwei
lw123456
liu.wei
wei.liu
liuw123456
w.liu123456
wangxiuying   
wxy   
wang.xiuying   
xiuying   .wang
wangxy   
xy   .wang
zhangli
zl123456
zhang.li
li.zhang
zhangl
l.zhang
lixiuying   
lxy   
li.xiuying   
xiuying   .li
lixy   
xy   .li
wangli
wl123456
wang.li
li.wang
wangl123456
l.wang
zhangjing
zj123456
zhang.jing
jing.zhang
zhangj
j.zhang
zhangxiuying   
zxy   
zhang.xiuying   
xiuying   .zhang
zhangxy   
xy   .zhang
liqiang
lq123456
li.qiang
qiang.li
liq123456
q.li123456
wangmin
wm123456
wang.min
min.wang
wangm123456
m.wang
limin123456
lm123456
li.min
min.li
lim123456
m.li123456
wanglei
wl123456
wang.lei
lei.wang
wangl123456
l.wang
liuyang
ly123456
liu.yang
yang.liu
liuy123456
y.liu123456
wangyan
wy123456
wang.yan
yan.wang
wangy123456
y.wang
wangyong
wy123456
wang.yong
yong.wang
wangy123456
y.wang
lijun123456
lj123456
li.jun
jun.li
lij123456
j.li123456
zhangyong
zy123456
zhang.yong
yong.zhang
zhangy
y.zhang
lijie123456
lj123456
li.jie
jie.li
lij123456
j.li123456
zhangjie
zj123456
zhang.jie
jie.zhang
zhangj
j.zhang
zhanglei
zl123456
zhang.lei
lei.zhang
zhangl
l.zhang
wangqiang
wq123456
wang.qiang
qiang.wang
wangq123456
q.wang
lijuan
lj123456
li.juan
juan.li
lij123456
j.li123456
wangjun
wj123456
wang.jun
jun.wang
wangj123456
j.wang
zhangyan
zy123456
zhang.yan
yan.zhang
zhangy
y.zhang
zhangtao
zt123456
zhang.tao
tao.zhang
zhangt
t.zhang
wangtao
wt123456
wang.tao
tao.wang
wangt123456
t.wang
liyan123456
ly123456
li.yan
yan.li
liy123456
y.li123456
wangchao
wc123456
wang.chao
chao.wang
wangc123456
c.wang
liming
lm123456
li.ming
ming.li
lim123456
m.li123456
liyong
ly123456
li.yong
yong.li
liy123456
y.li123456
wangjuan
wj123456
wang.juan
juan.wang
wangj123456
j.wang
liujie
lj123456
liu.jie
jie.liu
liuj123456
j.liu123456
liumin
lm123456
liu.min
min.liu
lium123456
m.liu123456
lixia123456
lx123456
li.xia
xia.li
lix123456
x.li123456
lili123456
ll123456
li.li123456
lil123456
l.li123456
zhangjun
zj123456
zhang.jun
jun.zhang
zhangj
j.zhang
wangjie
wj123456
wang.jie
jie.wang
wangj123456
j.wang
zhangqiang
zq123456
zhang.qiang
qiang.zhang
zhangq
q.zhang
wangxiulan
wxl123456
wang.xiulan
xiulan.wang
wangxl
xl.wang
wanggang
wg123456
wang.gang
gang.wang
wangg123456
g.wang
wangping
wp123456
wang.ping
ping.wang
wangp123456
p.wang
liufang
lf123456
liu.fang
fang.liu
liuf123456
f.liu123456
zhangyan
zy123456
zhang.yan
yan.zhang
zhangy
y.zhang
liuyan
ly123456
liu.yan
yan.liu
liuy123456
y.liu123456
liujun
lj123456
liu.jun
jun.liu
liuj123456
j.liu123456
liping
lp123456
li.ping
ping.li
lip123456
p.li123456
wanghui
wh123456
wang.hui
hui.wang
wangh123456
h.wang
wangyan
wy123456
wang.yan
yan.wang
wangy123456
y.wang
chenjing
cj123456
chen.jing
jing.chen
chenj123456
j.chen
liuyong
ly123456
liu.yong
yong.liu
liuy123456
y.liu123456
liling
ll123456
li.ling
ling.li
lil123456
l.li123456
liguiying
lgy123456
li.guiying
guiying.li
ligy123456
gy.li123456
wangdan
wd123456
wang.dan
dan.wang
wangd123456
d.wang
ligang
lg123456
li.gang
gang.li
lig123456
g.li123456
lidan123456
ld123456
li.dan
dan.li
lid123456
d.li123456
liping
lp123456
li.ping
ping.li
lip123456
p.li123456
wangpeng
wp123456
wang.peng
peng.wang
wangp123456
p.wang
liutao
lt123456
liu.tao
tao.liu
liut123456
t.liu123456
chenwei
cw123456
chen.wei
wei.chen
chenw123456
w.chen
zhanghua
zh123456
zhang.hua
hua.zhang
zhangh
h.zhang
liujing
lj123456
liu.jing
jing.liu
liuj123456
j.liu123456
litao123456
lt123456
li.tao
tao.li
lit123456
t.li123456
wangguiying
wgy123456
wang.guiying
guiying.wang
wanggy
gy.wang
zhangxiulan
zxl123456
zhang.xiulan
xiulan.zhang
zhangxl
xl.zhang
lihong
lh123456
li.hong
hong.li
lih123456
h.li123456
lichao
lc123456
li.chao
chao.li
lic123456
c.li123456
liuli123456
ll123456
liu.li
li.liu
liul123456
l.liu123456
zhangguiying
zgy123456
zhang.guiying
guiying.zhang
zhanggy
gy.zhang
wangyulan
wyl123456
wang.yulan
yulan.wang
wangyl
yl.wang
liyan123456
ly123456
li.yan
yan.li
liy123456
y.li123456
zhangpeng
zp123456
zhang.peng
peng.zhang
zhangp
p.zhang
lixiulan
lxl123456
li.xiulan
xiulan.li
lixl123456
xl.li123456
zhangchao
zc123456
zhang.chao
chao.zhang
zhangc
c.zhang
wangling
wl123456
wang.ling
ling.wang
wangl123456
l.wang
zhangling
zl123456
zhang.ling
ling.zhang
zhangl
l.zhang
lihua123456
lh123456
li.hua
hua.li
lih123456
h.li123456
wangfei
wf123456
wang.fei
fei.wang
wangf123456
f.wang
zhangyulan
zyl123456
zhang.yulan
yulan.zhang
zhangyl
yl.zhang
wangguilan
wgl123456
wang.guilan
guilan.wang
wanggl
gl.wang
wangying
wy123456
wang.ying
ying.wang
wangy123456
y.wang
liuqiang
lq123456
liu.qiang
qiang.liu
liuq123456
q.liu123456
chenxiuying
cxy123456
chen.xiuying
xiuying.chen
chenxy
xy.chen
liying
ly123456
li.ying
ying.li
liy123456
y.li123456
lihui123456
lh123456
li.hui
hui.li
lih123456
h.li123456
limei123456
lm123456
li.mei
mei.li
lim123456
m.li123456
chenyong
cy123456
chen.yong
yong.chen
cheny123456
y.chen
wangxin
wx123456
wang.xin
xin.wang
wangx123456
x.wang
lifang
lf123456
li.fang
fang.li
lif123456
f.li123456
zhangguilan
zgl123456
zhang.guilan
guilan.zhang
zhanggl
gl.zhang
libo123456
lb123456
li.bo123456
bo.li123456
lib123456
b.li123456
yangyong
yy123456
yang.yong
yong.yang
yangy123456
y.yang
wangxia
wx123456
wang.xia
xia.wang
wangx123456
x.wang
liguilan
lgl123456
li.guilan
guilan.li
ligl123456
gl.li123456
wangbin
wb123456
wang.bin
bin.wang
wangb123456
b.wang
lipeng
lp123456
li.peng
peng.li
lip123456
p.li123456
zhangping
zp123456
zhang.ping
ping.zhang
zhangp
p.zhang
zhangli
zl123456
zhang.li
li.zhang
zhangl
l.zhang
zhanghui
zh123456
zhang.hui
hui.zhang
zhangh
h.zhang
zhangyu
zy123456
zhang.yu
yu.zhang
zhangy
y.zhang
liujuan
lj123456
liu.juan
juan.liu
liuj123456
j.liu123456
libin123456
lb123456
li.bin
bin.li
lib123456
b.li123456
wanghao
wh123456
wang.hao
hao.wang
wangh123456
h.wang
chenjie
cj123456
chen.jie
jie.chen
chenj123456
j.chen
wangkai
wk123456
wang.kai
kai.wang
wangk123456
k.wang
chenli
cl123456
chen.li
li.chen
chenl123456
l.chen
chenmin
cm123456
chen.min
min.chen
chenm123456
m.chen
wangxiuzhen
wxz123456
wang.xiuzhen
xiuzhen.wang
wangxz
xz.wang
liyulan
lyl123456
li.yulan
yulan.li
liyl123456
yl.li123456
liuxiuying
lxy123456
liu.xiuying
xiuying.liu
liuxy123456
xy.liu
wangping
wp123456
wang.ping
ping.wang
wangp123456
p.wang
wangping
wp123456
wang.ping
ping.wang
wangp123456
p.wang
zhangbo
zb123456
zhang.bo
bo.zhang
zhangb
b.zhang
liuguiying
lgy123456
liu.guiying
guiying.liu
liugy123456
gy.liu
yangxiuying
yxy123456
yang.xiuying
xiuying.yang
yangxy
xy.yang
zhangying
zy123456
zhang.ying
ying.zhang
zhangy
y.zhang
yangli
yl123456
yang.li
li.yang
yangl123456
l.yang
zhangjian
zj123456
zhang.jian
jian.zhang
zhangj
j.zhang
lijun123456
lj123456
li.jun
jun.li
lij123456
j.li123456
lili123456
ll123456
li.li123456
lil123456
l.li123456
wangbo
wb123456
wang.bo
bo.wang
wangb123456
b.wang
zhanghong
zh123456
zhang.hong
hong.zhang
zhangh
h.zhang
liudan
ld123456
liu.dan
dan.liu
liud123456
d.liu123456
lixin123456
lx123456
li.xin
xin.li
lix123456
x.li123456
wangli
wl123456
wang.li
li.wang
wangl123456
l.wang
yangjing
yj123456
yang.jing
jing.yang
yangj123456
j.yang
liuchao
lc123456
liu.chao
chao.liu
liuc123456
c.liu123456
zhangjuan
zj123456
zhang.juan
juan.zhang
zhangj
j.zhang
yangfan
yf123456
yang.fan
fan.yang
yangf123456
f.yang
liuyan
ly123456
liu.yan
yan.liu
liuy123456
y.liu123456
liuying
ly123456
liu.ying
ying.liu
liuy123456
y.liu123456
lixue123456
lx123456
li.xue
xue.li
lix123456
x.li123456
lixiuzhen
lxz123456
li.xiuzhen
xiuzhen.li
lixz123456
xz.li123456
zhangxin
zx123456
zhang.xin
xin.zhang
zhangx
x.zhang
wangjian
wj123456
wang.jian
jian.wang
wangj123456
j.wang
liuyulan
lyl123456
liu.yulan
yulan.liu
liuyl123456
yl.liu
liuhui
lh123456
liu.hui
hui.liu
liuh123456
h.liu123456
liubo123456
lb123456
liu.bo
bo.liu
liub123456
b.liu123456
zhanghao
zh123456
zhang.hao
hao.zhang
zhangh
h.zhang
zhangming
zm123456
zhang.ming
ming.zhang
zhangm
m.zhang
chenyan
cy123456
chen.yan
yan.chen
cheny123456
y.chen
zhangxia
zx123456
zhang.xia
xia.zhang
zhangx
x.zhang
chenyan
cy123456
chen.yan
yan.chen
cheny123456
y.chen
yangjie
yj123456
yang.jie
jie.yang
yangj123456
j.yang
wangshuai
ws123456
wang.shuai
shuai.wang
wangs123456
s.wang
lihui123456
lh123456
li.hui
hui.li
lih123456
h.li123456
wangxue
wx123456
wang.xue
xue.wang
wangx123456
x.wang
yangjun
yj123456
yang.jun
jun.yang
yangj123456
j.yang
zhangxu
zx123456
zhang.xu
xu.zhang
zhangx
x.zhang
liugang
lg123456
liu.gang
gang.liu
liug123456
g.liu123456
wanghua
wh123456
wang.hua
hua.wang
wangh123456
h.wang
yangmin
ym123456
yang.min
min.yang
yangm123456
m.yang
wangning
wn123456
wang.ning
ning.wang
wangn123456
n.wang
lining
ln123456
li.ning
ning.li
lin123456
n.li123456
wangjun
wj123456
wang.jun
jun.wang
wangj123456
j.wang
liuguilan
lgl123456
liu.guilan
guilan.liu
liugl123456
gl.liu
liubin
lb123456
liu.bin
bin.liu
liub123456
b.liu123456
zhangping
zp123456
zhang.ping
ping.zhang
zhangp
p.zhang
wangting
wt123456
wang.ting
ting.wang
wangt123456
t.wang
chentao
ct123456
chen.tao
tao.chen
chent123456
t.chen
wangyumei
wym123456
wang.yumei
yumei.wang
wangym
ym.wang
wangna
wn123456
wang.na
na.wang
wangn123456
n.wang
zhangbin
zb123456
zhang.bin
bin.zhang
zhangb
b.zhang
chenlong
cl123456
chen.long
long.chen
chenl123456
l.chen
lilin123456
ll123456
li.lin
lin.li
lil123456
l.li123456
wangyuzhen
wyz123456
wang.yuzhen
yuzhen.wang
wangyz
yz.wang
zhangfengying
zfy123456
zhang.fengying
fengying.zhang
zhangfy
fy.zhang
wanghong
wh123456
wang.hong
hong.wang
wangh123456
h.wang
lifengying
lfy123456
li.fengying
fengying.li
lify123456
fy.li123456
yangyang
yy123456
yang.yang
yangy123456
y.yang
liting
lt123456
li.ting
ting.li
lit123456
t.li123456
zhangjun
zj123456
zhang.jun
jun.zhang
zhangj
j.zhang
wanglin
wl123456
wang.lin
lin.wang
wangl123456
l.wang
chenying
cy123456
chen.ying
ying.chen
cheny123456
y.chen
chenjun
cj123456
chen.jun
jun.chen
chenj123456
j.chen
liuxia
lx123456
liu.xia
xia.liu
liux123456
x.liu123456
chenhao
ch123456
chen.hao
hao.chen
chenh123456
h.chen
zhangkai
zk123456
zhang.kai
kai.zhang
zhangk
k.zhang
wangjing
wj123456
wang.jing
jing.wang
wangj123456
j.wang
chenfang
cf123456
chen.fang
fang.chen
chenf123456
f.chen
zhangting
zt123456
zhang.ting
ting.zhang
zhangt
t.zhang
yangtao
yt123456
yang.tao
tao.yang
yangt123456
t.yang
yangbo
yb123456
yang.bo
bo.yang
yangb123456
b.yang
chenhong
ch123456
chen.hong
hong.chen
chenh123456
h.chen
liuhuan
lh123456
liu.huan
huan.liu
liuh123456
h.liu123456
wangyuying
wyy123456
wang.yuying
yuying.wang
wangyy
yy.wang
chenjuan
cj123456
chen.juan
juan.chen
chenj123456
j.chen
chengang
cg123456
chen.gang
gang.chen
cheng123456
g.chen
wanghui
wh123456
wang.hui
hui.wang
wangh123456
h.wang
zhangying
zy123456
zhang.ying
ying.zhang
zhangy
y.zhang
zhanglin
zl123456
zhang.lin
lin.zhang
zhangl
l.zhang
zhangna
zn123456
zhang.na
na.zhang
zhangn
n.zhang
zhangyumei
zym123456
zhang.yumei
yumei.zhang
zhangym
ym.zhang
wangfengying
wfy123456
wang.fengying
fengying.wang
wangfy
fy.wang
zhangyuying
zyy123456
zhang.yuying
yuying.zhang
zhangyy
yy.zhang
lihongmei
lhm123456
li.hongmei
hongmei.li
lihm123456
hm.li123456
liujia
lj123456
liu.jia
jia.liu
liuj123456
j.liu123456
liulei
ll123456
liu.lei
lei.liu
liul123456
l.liu123456
zhangqian
zq123456
zhang.qian
qian.zhang
zhangq
q.zhang
liupeng
lp123456
liu.peng
peng.liu
liup123456
p.liu123456
wangxu
wx123456
wang.xu
xu.wang
wangx123456
x.wang
zhangxue
zx123456
zhang.xue
xue.zhang
zhangx
x.zhang
liyang
ly123456
li.yang
yang.li
liy123456
y.li123456
zhangxiuzhen
zxz123456
zhang.xiuzhen
xiuzhen.zhang
zhangxz
xz.zhang
wangmei
wm123456
wang.mei
mei.wang
wangm123456
m.wang
wangjianhua
wjh123456
wang.jianhua
jianhua.wang
wangjh
jh.wang
liyumei
lym123456
li.yumei
yumei.li
liym123456
ym.li123456
wangying
wy123456
wang.ying
ying.wang
wangy123456
y.wang
liuping
lp123456
liu.ping
ping.liu
liup123456
p.liu123456
yangmei
ym123456
yang.mei
mei.yang
yangm123456
m.yang
lifei123456
lf123456
li.fei
fei.li
lif123456
f.li123456
wangliang
wl123456
wang.liang
liang.wang
wangl123456
l.wang
lilei123456
ll123456
li.lei
lei.li
lil123456
l.li123456
lijianhua
ljh123456
li.jianhua
jianhua.li
lijh123456
jh.li123456
wangyu
wy123456
wang.yu
yu.wang
wangy123456
y.wang
chenling
cl123456
chen.ling
ling.chen
chenl123456
l.chen
zhangjianhua
zjh123456
zhang.jianhua
jianhua.zhang
zhangjh
jh.zhang
liuxin
lx123456
liu.xin
xin.liu
liux123456
x.liu123456
wangqian
wq123456
wang.qian
qian.wang
wangq123456
q.wang
zhangshuai
zs123456
zhang.shuai
shuai.zhang
zhangs
s.zhang
lijian
lj123456
li.jian
jian.li
lij123456
j.li123456
chenlin
cl123456
chen.lin
lin.chen
chenl123456
l.chen
liyang
ly123456
li.yang
yang.li
liy123456
y.li123456
chenqiang
cq123456
chen.qiang
qiang.chen
chenq123456
q.chen
zhaojing
zj123456
zhao.jing
jing.zhao
zhaoj123456
j.zhao
wangcheng
wc123456
wang.cheng
cheng.wang
wangc123456
c.wang
zhangyuzhen
zyz123456
zhang.yuzhen
yuzhen.zhang
zhangyz
yz.zhang
chenchao
cc123456
chen.chao
chao.chen
chenc123456
c.chen
chenliang
cl123456
chen.liang
liang.chen
chenl123456
l.chen
liuna123456
ln123456
liu.na
na.liu
liun123456
n.liu123456
wangqin
wq123456
wang.qin
qin.wang
wangq123456
q.wang
zhanglanying
zly123456
zhang.lanying
lanying.zhang
zhangly
ly.zhang
zhanghui
zh123456
zhang.hui
hui.zhang
zhangh
h.zhang
liuchang
lc123456
liu.chang
chang.liu
liuc123456
c.liu123456
liqian
lq123456
li.qian
qian.li
liq123456
q.li123456
yangyan
yy123456
yang.yan
yan.yang
yangy123456
y.yang
zhangliang
zl123456
zhang.liang
liang.zhang
zhangl
l.zhang
zhangjian
zj123456
zhang.jian
jian.zhang
zhangj
j.zhang
liyun123456
ly123456
li.yun
yun.li
liy123456
y.li123456
zhangqin
zq123456
zhang.qin
qin.zhang
zhangq
q.zhang
wanglanying
wly123456
wang.lanying
lanying.wang
wangly
ly.wang
liyuzhen
lyz123456
li.yuzhen
yuzhen.li
liyz123456
yz.li123456
liuping
lp123456
liu.ping
ping.liu
liup123456
p.liu123456
chenguiying
cgy123456
chen.guiying
guiying.chen
chengy
gy.chen
liuying
ly123456
liu.ying
ying.liu
liuy123456
y.liu123456
yangchao
yc123456
yang.chao
chao.yang
yangc123456
c.yang
zhangmei
zm123456
zhang.mei
mei.zhang
zhangm
m.zhang
chenping
cp123456
chen.ping
ping.chen
chenp123456
p.chen
wangjian
wj123456
wang.jian
jian.wang
wangj123456
j.wang
liuhong
lh123456
liu.hong
hong.liu
liuh123456
h.liu123456
zhaowei
zw123456
zhao.wei
wei.zhao
zhaow123456
w.zhao
zhangyun
zy123456
zhang.yun
yun.zhang
zhangy
y.zhang
zhangning
zn123456
zhang.ning
ning.zhang
zhangn
n.zhang
yanglin
yl123456
yang.lin
lin.yang
yangl123456
l.yang
zhangjie
zj123456
zhang.jie
jie.zhang
zhangj
j.zhang
gaofeng
gf123456
gao.feng
feng.gao
gaof123456
f.gao123456
wangjianguo
wjg123456
wang.jianguo
jianguo.wang
wangjg
jg.wang
yangyang
yy123456
yang.yang
yangy123456
y.yang
chenhua
ch123456
chen.hua
hua.chen
chenh123456
h.chen
yanghua
yh123456
yang.hua
hua.yang
yangh123456
h.yang
wangjianjun
wjj123456
wang.jianjun
jianjun.wang
wangjj
jj.wang
yangliu
yl123456
yang.liu
liu.yang
yangl123456
l.yang
liuyang
ly123456
liu.yang
yang.liu
liuy123456
y.liu123456
wangshuzhen
wsz123456
wang.shuzhen
shuzhen.wang
wangsz
sz.wang
yangfang
yf123456
yang.fang
fang.yang
yangf123456
f.yang
lichunmei
lcm123456
li.chunmei
chunmei.li
licm123456
cm.li123456
liujun
lj123456
liu.jun
jun.liu
liuj123456
j.liu123456
wanghaiyan
why123456
wang.haiyan
haiyan.wang
wanghy
hy.wang
liuling
ll123456
liu.ling
ling.liu
liul123456
l.liu123456
chenchen
cc123456
chen.chen
chenc123456
c.chen
wanghuan
wh123456
wang.huan
huan.wang
wangh123456
h.wang
lidongmei
ldm123456
li.dongmei
dongmei.li
lidm123456
dm.li123456
zhanglong
zl123456
zhang.long
long.zhang
zhangl
l.zhang
chenbo
cb123456
chen.bo
bo.chen
chenb123456
b.chen
chenlei
cl123456
chen.lei
lei.chen
chenl123456
l.chen
wangyun
wy123456
wang.yun
yun.wang
wangy123456
y.wang
wangfeng
wf123456
wang.feng
feng.wang
wangf123456
f.wang
wangxiurong
wxr123456
wang.xiurong
xiurong.wang
wangxr
xr.wang
wangrui
wr123456
wang.rui
rui.wang
wangr123456
r.wang
liqin123456
lq123456
li.qin
qin.li
liq123456
q.li123456
liguizhen
lgz123456
li.guizhen
guizhen.li
ligz123456
gz.li123456
chenpeng
cp123456
chen.peng
peng.chen
chenp123456
p.chen
wangying
wy123456
wang.ying
ying.wang
wangy123456
y.wang
liufei
lf123456
liu.fei
fei.liu
liuf123456
f.liu123456
wangxiuyun
wxy123456
wang.xiuyun
xiuyun.wang
wangxy
xy.wang
chenming
cm123456
chen.ming
ming.chen
chenm123456
m.chen
wangguirong
wgr123456
wang.guirong
guirong.wang
wanggr
gr.wang
lihao123456
lh123456
li.hao
hao.li
lih123456
h.li123456
wangzhiqiang
wzq123456
wang.zhiqiang
zhiqiang.wang
wangzq
zq.wang
zhangdan
zd123456
zhang.dan
dan.zhang
zhangd
d.zhang
lifeng
lf123456
li.feng
feng.li
lif123456
f.li123456
zhanghongmei
zhm123456
zhang.hongmei
hongmei.zhang
zhanghm
hm.zhang
liufengying
lfy123456
liu.fengying
fengying.liu
liufy123456
fy.liu
liyuying
lyy123456
li.yuying
yuying.li
liyy123456
yy.li123456
wangxiumei
wxm123456
wang.xiumei
xiumei.wang
wangxm
xm.wang
lijia123456
lj123456
li.jia
jia.li
lij123456
j.li123456
wanglijuan
wlj123456
wang.lijuan
lijuan.wang
wanglj
lj.wang
chenhui
ch123456
chen.hui
hui.chen
chenh123456
h.chen
zhangtingting
ztt123456
zhang.tingting
tingting.zhang
zhangtt
tt.zhang
zhangfang
zf123456
zhang.fang
fang.zhang
zhangf
f.zhang
wangtingting
wtt123456
wang.tingting
tingting.wang
wangtt
tt.wang
wangyuhua
wyh123456
wang.yuhua
yuhua.wang
wangyh
yh.wang
zhangjianguo
zjg123456
zhang.jianguo
jianguo.zhang
zhangjg
jg.zhang
lilanying
lly123456
li.lanying
lanying.li
lily123456
ly.li123456
wangguizhen
wgz123456
wang.guizhen
guizhen.wang
wanggz
gz.wang
lixiumei
lxm123456
li.xiumei
xiumei.li
lixm123456
xm.li123456
chenyulan
cyl123456
chen.yulan
yulan.chen
chenyl
yl.chen
chenxia
cx123456
chen.xia
xia.chen
chenx123456
x.chen
liukai
lk123456
liu.kai
kai.liu
liuk123456
k.liu123456
zhangyuhua
zyh123456
zhang.yuhua
yuhua.zhang
zhangyh
yh.zhang
liuyumei
lym123456
liu.yumei
yumei.liu
liuym123456
ym.liu
liuhua
lh123456
liu.hua
hua.liu
liuh123456
h.liu123456
libing
lb123456
li.bing
bing.li
lib123456
b.li123456
zhanglei
zl123456
zhang.lei
lei.zhang
zhangl
l.zhang
wangdong
wd123456
wang.dong
dong.wang
wangd123456
d.wang
lijianjun
ljj123456
li.jianjun
jianjun.li
lijj123456
jj.li123456
liuyuzhen
lyz123456
liu.yuzhen
yuzhen.liu
liuyz123456
yz.liu
wanglin
wl123456
wang.lin
lin.wang
wangl123456
l.wang
lijianguo
ljg123456
li.jianguo
jianguo.li
lijg123456
jg.li123456
liying
ly123456
li.ying
ying.li
liy123456
y.li123456
yangwei
yw123456
yang.wei
wei.yang
yangw123456
w.yang
liguirong
lgr123456
li.guirong
guirong.li
ligr123456
gr.li123456
wanglong
wl123456
wang.long
long.wang
wangl123456
l.wang
liuting
lt123456
liu.ting
ting.liu
liut123456
t.liu123456
chenxiulan
cxl123456
chen.xiulan
xiulan.chen
chenxl
xl.chen
zhangjianjun
zjj123456
zhang.jianjun
jianjun.zhang
zhangjj
jj.zhang
lixiurong
lxr123456
li.xiurong
xiurong.li
lixr123456
xr.li123456
liuming
lm123456
liu.ming
ming.liu
lium123456
m.liu123456
zhoumin
zm123456
zhou.min
min.zhou
zhoum123456
m.zhou
zhangxiumei
zxm123456
zhang.xiumei
xiumei.zhang
zhangxm
xm.zhang
lixuemei
lxm123456
li.xuemei
xuemei.li
lixm123456
xm.li123456
huangwei
hw123456
huang.wei
wei.huang
huangw
w.huang
zhanghaiyan
zhy123456
zhang.haiyan
haiyan.zhang
zhanghy
hy.zhang
wangshulan
wsl123456
wang.shulan
shulan.wang
wangsl
sl.wang
lizhiqiang
lzq123456
li.zhiqiang
zhiqiang.li
lizq123456
zq.li123456
yanglei
yl123456
yang.lei
lei.yang
yangl123456
l.yang
lijing
lj123456
li.jing
jing.li
lij123456
j.li123456
litingting
ltt123456
li.tingting
tingting.li
litt123456
tt.li123456
zhangxiurong
zxr123456
zhang.xiurong
xiurong.zhang
zhangxr
xr.zhang
liujianhua
ljh123456
liu.jianhua
jianhua.liu
liujh123456
jh.liu
wanglili
wll123456
wang.lili
lili.wang
wangll
ll.wang
zhaomin
zm123456
zhao.min
min.zhao
zhaom123456
m.zhao
chenyun
cy123456
chen.yun
yun.chen
cheny123456
y.chen
lihaiyan
lhy123456
li.haiyan
haiyan.li
lihy123456
hy.li123456
zhangguirong
zgr123456
zhang.guirong
guirong.zhang
zhanggr
gr.zhang
zhangjing
zj123456
zhang.jing
jing.zhang
zhangj
j.zhang
liuli123456
ll123456
liu.li
li.liu
liul123456
l.liu123456
likai123456
lk123456
li.kai
kai.li
lik123456
k.li123456
zhangyu
zy123456
zhang.yu
yu.zhang
zhangy
y.zhang
zhangfeng
zf123456
zhang.feng
feng.zhang
zhangf
f.zhang
liuxiulan
lxl123456
liu.xiulan
xiulan.liu
liuxl123456
xl.liu
zhangzhiqiang
zzq123456
zhang.zhiqiang
zhiqiang.zhang
zhangzq
zq.zhang
lilong
ll123456
li.long
long.li
lil123456
l.li123456
lixiuyun
lxy123456
li.xiuyun
xiuyun.li
lixy123456
xy.li123456
lixiufang
lxf123456
li.xiufang
xiufang.li
lixf123456
xf.li123456
lishuai
ls123456
li.shuai
shuai.li
lis123456
s.li123456
lixin123456
lx123456
li.xin
xin.li
lix123456
x.li123456
liuyun
ly123456
liu.yun
yun.liu
liuy123456
y.liu123456
zhanglili
zll123456
zhang.lili
lili.zhang
zhangll
ll.zhang
lijie123456
lj123456
li.jie
jie.li
lij123456
j.li123456
zhangxiuyun
zxy123456
zhang.xiuyun
xiuyun.zhang
zhangxy
xy.zhang
wangshuying
wsy123456
wang.shuying
shuying.wang
wangsy
sy.wang
wangchunmei
wcm123456
wang.chunmei
chunmei.wang
wangcm
cm.wang
wanghongmei
whm123456
wang.hongmei
hongmei.wang
wanghm
hm.wang
chenbin
cb123456
chen.bin
bin.chen
chenb123456
b.chen
liyuhua
lyh123456
li.yuhua
yuhua.li
liyh123456
yh.li123456
liguifang
lgf123456
li.guifang
guifang.li
ligf123456
gf.li123456
zhangying
zy123456
zhang.ying
ying.zhang
zhangy
y.zhang
chenfei
cf123456
chen.fei
fei.chen
chenf123456
f.chen
wangbo
wb123456
wang.bo
bo.wang
wangb123456
b.wang
liuhao
lh123456
liu.hao
hao.liu
liuh123456
h.liu123456
huangxiuying
hxy123456
huang.xiuying
xiuying.huang
huangxy
xy.huang
liuyuying
lyy123456
liu.yuying
yuying.liu
liuyy123456
yy.liu
lishuzhen
lsz123456
li.shuzhen
shuzhen.li
lisz123456
sz.li123456
huangyong
hy123456
huang.yong
yong.huang
huangy
y.huang
zhouwei
zw123456
zhou.wei
wei.zhou
zhouw123456
w.zhou
wangxiufang
wxf123456
wang.xiufang
xiufang.wang
wangxf
xf.wang
wanglihua
wlh123456
wang.lihua
lihua.wang
wanglh
lh.wang
wangdandan
wdd123456
wang.dandan
dandan.wang
wangdd
dd.wang
libin123456
lb123456
li.bin
bin.li
lib123456
b.li123456
wangguixiang
wgx123456
wang.guixiang
guixiang.wang
wanggx
gx.wang
wangkun
wk123456
wang.kun
kun.wang
wangk123456
k.wang
liuhui
lh123456
liu.hui
hui.liu
liuh123456
h.liu123456
lixiang
lx123456
li.xiang
xiang.li
lix123456
x.li123456
zhangrui
zr123456
zhang.rui
rui.zhang
zhangr
r.zhang
zhangguizhen
zgz123456
zhang.guizhen
guizhen.zhang
zhanggz
gz.zhang
wangshuhua
wsh123456
wang.shuhua
shuhua.wang
wangsh
sh.wang
liushuai
ls123456
liu.shuai
shuai.liu
lius123456
s.liu123456
zhangfei
zf123456
zhang.fei
fei.zhang
zhangf
f.zhang
zhangxiufang
zxf123456
zhang.xiufang
xiufang.zhang
zhangxf
xf.zhang
wangyang
wy123456
wang.yang
yang.wang
wangy123456
y.wang
chenjie
cj123456
chen.jie
jie.chen
chenj123456
j.chen
zhangguifang
zgf123456
zhang.guifang
guifang.zhang
zhanggf
gf.zhang
zhanglijuan
zlj123456
zhang.lijuan
lijuan.zhang
zhanglj
lj.zhang
wangrong
wr123456
wang.rong
rong.wang
wangr123456
r.wang
wuxiuying
wxy123456
wu.xiuying
xiuying.wu
wuxy123456
xy.wu123456
yangming
ym123456
yang.ming
ming.yang
yangm123456
m.yang
liguixiang
lgx123456
li.guixiang
guixiang.li
ligx123456
gx.li123456
mali123456
ml123456
ma.li123456
li.ma123456
mal123456
l.ma123456
liuqian
lq123456
liu.qian
qian.liu
liuq123456
q.liu123456
yangxiulan
yxl123456
yang.xiulan
xiulan.yang
yangxl
xl.yang
yangling
yl123456
yang.ling
ling.yang
yangl123456
l.yang
wangxiuhua
wxh123456
wang.xiuhua
xiuhua.wang
wangxh
xh.wang
yangping
yp123456
yang.ping
ping.yang
yangp123456
p.yang
wangbin
wb123456
wang.bin
bin.wang
wangb123456
b.wang
liliang
ll123456
li.liang
liang.li
lil123456
l.li123456
lirong
lr123456
li.rong
rong.li
lir123456
r.li123456
liguizhi
lgz123456
li.guizhi
guizhi.li
ligz123456
gz.li123456
lilin123456
ll123456
li.lin
lin.li
lil123456
l.li123456
liyan123456
ly123456
li.yan
yan.li
liy123456
y.li123456
lijian
lj123456
li.jian
jian.li
lij123456
j.li123456
wangbing
wb123456
wang.bing
bing.wang
wangb123456
b.wang
wangguifang
wgf123456
wang.guifang
guifang.wang
wanggf
gf.wang
wangming
wm123456
wang.ming
ming.wang
wangm123456
m.wang
chenmei
cm123456
chen.mei
mei.chen
chenm123456
m.chen
zhangchunmei
zcm123456
zhang.chunmei
chunmei.zhang
zhangcm
cm.zhang
liyang
ly123456
li.yang
yang.li
liy123456
y.li123456
wangyan
wy123456
wang.yan
yan.wang
wangy123456
y.wang
wangdongmei
wdm123456
wang.dongmei
dongmei.wang
wangdm
dm.wang
liufeng
lf123456
liu.feng
feng.liu
liuf123456
f.liu123456
lixiuhua
lxh123456
li.xiuhua
xiuhua.li
lixh123456
xh.li123456
lidandan
ldd123456
li.dandan
dandan.li
lidd123456
dd.li123456
yangxue
yx123456
yang.xue
xue.yang
yangx123456
x.yang
liuyuhua
lyh123456
liu.yuhua
yuhua.liu
liuyh123456
yh.liu
maxiuying
mxy123456
ma.xiuying
xiuying.ma
maxy123456
xy.ma123456
zhanglihua
zlh123456
zhang.lihua
lihua.zhang
zhanglh
lh.zhang
zhangshuzhen
zsz123456
zhang.shuzhen
shuzhen.zhang
zhangsz
sz.zhang
lixiaohong
lxh123456
li.xiaohong
xiaohong.li
lixh123456
xh.li123456
zhangbo
zb123456
zhang.bo
bo.zhang
zhangb
b.zhang
wangxin
wx123456
wang.xin
xin.wang
wangx123456
x.wang
wangguizhi
wgz123456
wang.guizhi
guizhi.wang
wanggz
gz.wang
zhaoli
zl123456
zhao.li
li.zhao
zhaol123456
l.zhao
zhangxiuhua
zxh123456
zhang.xiuhua
xiuhua.zhang
zhangxh
xh.zhang
zhanglin
zl123456
zhang.lin
lin.zhang
zhangl
l.zhang
huangmin
hm123456
huang.min
min.huang
huangm
m.huang
yangjuan
yj123456
yang.juan
juan.yang
yangj123456
j.yang
wangjinfeng
wjf123456
wang.jinfeng
jinfeng.wang
wangjf
jf.wang
zhoujie
zj123456
zhou.jie
jie.zhou
zhouj123456
j.zhou
wanglei
wl123456
wang.lei
lei.wang
wangl123456
l.wang
chenjianhua
cjh123456
chen.jianhua
jianhua.chen
chenjh
jh.chen
liumei
lm123456
liu.mei
mei.liu
lium123456
m.liu123456
yangguiying
ygy123456
yang.guiying
guiying.yang
yanggy
gy.yang
lishuying
lsy123456
li.shuying
shuying.li
lisy123456
sy.li123456
chenyuying
cyy123456
chen.yuying
yuying.chen
chenyy
yy.chen
yangxiuzhen
yxz123456
yang.xiuzhen
xiuzhen.yang
yangxz
xz.yang
sunxiuying
sxy123456
sun.xiuying
xiuying.sun
sunxy123456
xy.sun
zhaojun
zj123456
zhao.jun
jun.zhao
zhaoj123456
j.zhao
zhaoyong
zy123456
zhao.yong
yong.zhao
zhaoy123456
y.zhao
liubing
lb123456
liu.bing
bing.liu
liub123456
b.liu123456
yangbin
yb123456
yang.bin
bin.yang
yangb123456
b.yang
liwen123456
lw123456
li.wen
wen.li
liw123456
w.li123456
chenlin
cl123456
chen.lin
lin.chen
chenl123456
l.chen
chenping
cp123456
chen.ping
ping.chen
chenp123456
p.chen
sunwei
sw123456
sun.wei
wei.sun
sunw123456
w.sun123456
zhangli
zl123456
zhang.li
li.zhang
zhangl
l.zhang
chenjun
cj123456
chen.jun
jun.chen
chenj123456
j.chen
zhangnan
zn123456
zhang.nan
nan.zhang
zhangn
n.zhang
liuguizhen
lgz123456
liu.guizhen
guizhen.liu
liugz123456
gz.liu
liuyu123456
ly123456
liu.yu
yu.liu
liuy123456
y.liu123456
liujianjun
ljj123456
liu.jianjun
jianjun.liu
liujj123456
jj.liu
zhangshuying
zsy123456
zhang.shuying
shuying.zhang
zhangsy
sy.zhang
lihongxia
lhx123456
li.hongxia
hongxia.li
lihx123456
hx.li123456
zhaoxiuying
zxy123456
zhao.xiuying
xiuying.zhao
zhaoxy
xy.zhao
libo123456
lb123456
li.bo123456
bo.li123456
lib123456
b.li123456
wangli
wl123456
wang.li
li.wang
wangl123456
l.wang
zhangrong
zr123456
zhang.rong
rong.zhang
zhangr
r.zhang
zhangfan
zf123456
zhang.fan
fan.zhang
zhangf
f.zhang
wangjianping
wjp123456
wang.jianping
jianping.wang
wangjp
jp.wang
zhangguizhi
zgz123456
zhang.guizhi
guizhi.zhang
zhanggz
gz.zhang
zhangyu
zy123456
zhang.yu
yu.zhang
zhangy
y.zhang
zhouyong
zy123456
zhou.yong
yong.zhou
zhouy123456
y.zhou
zhangkun
zk123456
zhang.kun
kun.zhang
zhangk
k.zhang
xuwei123456
xw123456
xu.wei
wei.xu
xuw123456
w.xu123456
wangguihua
wgh123456
wang.guihua
guihua.wang
wanggh
gh.wang
liuqin
lq123456
liu.qin
qin.liu
liuq123456
q.liu123456
zhoujing
zj123456
zhou.jing
jing.zhou
zhouj123456
j.zhou
xumin123456
xm123456
xu.min
min.xu
xum123456
m.xu123456
liutingting
ltt123456
liu.tingting
tingting.liu
liutt123456
tt.liu
xujing
xj123456
xu.jing
jing.xu
xuj123456
j.xu123456
yanghong
yh123456
yang.hong
hong.yang
yangh123456
h.yang
wanglu
wl123456
wang.lu
lu.wang
wangl123456
l.wang
zhangshulan
zsl123456
zhang.shulan
shulan.zhang
zhangsl
sl.zhang
zhangwen
zw123456
zhang.wen
wen.zhang
zhangw
w.zhang
yangyan
yy123456
yang.yan
yan.yang
yangy123456
y.yang
chenguilan
cgl123456
chen.guilan
guilan.chen
chengl
gl.chen
zhouli
zl123456
zhou.li
li.zhou
zhoul123456
l.zhou
lishuhua
lsh123456
li.shuhua
shuhua.li
lish123456
sh.li123456
chenxin
cx123456
chen.xin
xin.chen
chenx123456
x.chen
machao
mc123456
ma.chao
chao.ma
mac123456
c.ma123456
liujianguo
ljg123456
liu.jianguo
jianguo.liu
liujg123456
jg.liu
liguihua
lgh123456
li.guihua
guihua.li
ligh123456
gh.li123456
wangfenglan
wfl123456
wang.fenglan
fenglan.wang
wangfl
fl.wang
lishulan
lsl123456
li.shulan
shulan.li
lisl123456
sl.li123456
chenxiuzhen
cxz123456
chen.xiuzhen
xiuzhen.chen
chenxz
xz.chen
